[Blokkades] 31 genres en 11 artiesten geblokkeerd

==================================================
  Playlist update — 2026-10-09 15:02
==================================================

[Tidal] Ingelogd ✓

[Tidal] 23 tracks verwijderd (ouder dan 30d)
[Backfill] 5 entries opgeruimd die niet meer in de playlist staan
[Spotify] Token verkregen ✓
  [Purge] Pavement — Gold Soundz
  [Purge] Bloc Party — The Prayer
  [Purge] Prince — Raspberry Beret
  [Purge] Queen — Spread Your Wings
  [Purge] HAAi — Satellite
  [Purge] Veruca Salt — Volcano Girls
  [Purge] Guided By Voices — Hold On Hope
  [Purge] The Hold Steady — Sequestered in Memphis
  [Purge] sombr — 12 to 12
  [Purge] Weezer — The LA Sound
  [Purge] Metric — Just The Once
  [Purge] INXS — New Sensation
  [Purge] Bicep — Air
  [Purge] David Bowie — Space Oddity (2015 Remaster)
  [Purge] Death Cab For Cutie — Punching the Flowers
  [Purge] GATC — Jona Vark
  [Purge] Pixies — Where Is My Mind?
  [Purge] Middle Kids — Never Start
  [Purge] Barenaked Ladies — One Week
  [Purge] Wilco — I'm Always in Love
  [Purge] Blind Melon — Tones Of Home
  [Purge] Robert Plant — Killing The Blues
  [Purge] Pink Floyd — If
  [Purge] Soft Cotton County — It Could Happen to You
  [Purge] The Black Keys — Your Touch
  [Purge] INXS — Don't Change
  [Purge] Michael Milov — I'll Be With You
  [Purge] Mitski — Should've Been Me
  [Purge] Lily Konigsberg — Free Byrd
  [Purge] Brigitte Calls Me Baby — I Can Take the Sun Out of the Sky
  [Purge] Weezer — Shine Again
  [Purge] Methyl Ethel — Ubu
  [Purge] Sweetie — Pay Rise
  [Purge] Wet Leg — catch these fists
  [Purge] Neil Young — Heart of Gold (2009 Remaster)
  [Purge] Victor Jones — Stilettos
  [Purge] Rainbow Kitten Surprise — Dang
  [Purge] Blake Scott — Fever
  [Purge] The Whitlams — I Make Hamburgers
  [Purge] Alabama Shakes — Hold On
  [Purge] The Beatles — Oh! Darling
  [Purge] R.E.M. — Losing My Religion
  [Purge] Roy Orbison — Crying
  [Purge] Animal Collective — Fireworks
  [Purge] The Whitlams — No Aphrodisiac
  [Purge] Jen Cloher — Forgot Myself
  [Purge] The Ventures — Walk, Don't Run
  [Purge] Joni Mitchell — Woodstock
  [Purge] Shewita — Geminii
  [Purge] Band Of Horses — Casual Party
  [Purge] Foo Fighters — This Is a Call
  [Purge] Nona Invie — Forget My Name
  [Purge] The Black Keys — The Only One
  [Purge] Prince — Stone
  [Purge] Clare Perrott — Biting On The Hand
  [Purge] Theophobia — All The World Is Hanging On A String
  [Purge] Bo Diddley — I'm A Man
  [Purge] Guided By Voices — Teenage FBI
  [Purge] Cory Blair — Paolo
  [Purge] Jack White — Neighbors Blues
  [Purge] MUNA — Silk Chiffon
  [Purge] Way Dynamic — Officially
  [Purge] Mitski — Me and My Husband
  [Purge] Nirvana — Heart-Shaped Box
  [Purge] Concrete Blonde — Joey
  [Purge] Gang of Youths — Things Take Time
  [Purge] The Strokes — Someday
  [Purge] Los Lobos — Poquito para Aqui
  [Purge] Friko — Crimson To Chrome
  [Purge] Pespi — Down in the Dumps
  [Purge] The Tragically Hip — Poets
  [Purge] Boy Golden — Three Scenes
  [Purge] Roxy Music — Dance Away
  [Purge] The Rising Storm — A Message to Pretty
  [Purge] Cold War Kids — Passing The Hat
  [Purge] The Superjesus — Shut My Eyes
  [Purge] Absynthe Minded — Envoi
  [Purge] Syd Barrett — Here I Go
  [Purge] Jimi Hendrix — Fire
  [Purge] Cold War Kids — First
  [Purge] Absynthe Minded — Plane Song
  [Purge] Waikiki — New Technology
  [Purge] Catfish and the Bottlemen — Kathleen
  [Purge] The Hold Steady — Stay Positive
  [Purge] Kliin Arheen — I Hate He's Still In Love
  [Purge] Absynthe Minded — Papillon
  [Purge] Radiohead — I Might Be Wrong
  [Purge] Cold War Kids — Tell Me In The Morning
  [Purge] Lanie Gardner — Boys Like You
  [Purge] High School For Recording Arts — And We're Back on the Ground
  [Purge] Creedence Clearwater Revival — Lookin' Out My Back Door
  [Purge] Docker River Band — Ngura Kutjupa Kanpinya
  [Purge] Heartless Bastards — Searching for the Ghost
  [Purge] Beach Weather — Sex, Drugs, Etc.
  [Purge] Red Hot Chili Peppers — Under the Bridge
  [Purge] Spiritualized — Electricity
  [Purge] Kate Bush — Wuthering Heights
  [Purge] Mitski — The Only Heartbreaker
  [Purge] John Lee Hooker — Sugar Mama
  [Purge] Jimi Hendrix — Like A Rolling Stone
  [Purge] Arctic Monkeys — 505
  [Purge] The Byrds — You Ain't Going Nowhere
  [Purge] Jamie xx — Loud Places
  [Purge] Melody's Echo Chamber — Unfold
  [Purge] Brennan Wedl — Two Dollar Pistol
  [Purge] The Temper Trap — Sungazer
  [Purge] U2 — All I Want Is You
  [Purge] DeYarmond Edison — Bones
  [Purge] DeYarmond Edison — Ragstock
  [Purge] San Cisco — Awkward
  [Purge] Wilco — Monday
  [Purge] King Gizzard & The Lizard Wizard — Level 5
  [Purge] The Jayhawks — Hands Upon The Wheel
  [Purge] Elbow — Sober
  [Purge] Mulga Bore Hard Rock — Big Train
  [Purge] Melody's Echo Chamber — I Follow You
  [Purge] Tom Morello — Unconquered
  [Purge] Barry Gibb — Words
  [Purge] Prince — When You Were Mine
  [Purge] Coldplay — Shiver
  [Purge] GIMMY — Chomping at the bit
  [Purge] The Cars — Dangerous Type
  [Purge] Stephen Wilson Jr. — Hardwired
  [Purge] Porch Light — Fall Back
  [Purge] Faces On Tv — Suspicious 
  [Purge] The Flying Burrito Brothers — Sin City
  [Purge] The National — Mistaken for Strangers
  [Purge] Smashing Pumpkins — Cherub Rock
  [Purge] Ella Hooper — Growing Up Is Hard To Do
  [Purge] Ben Folds — Jesusland
  [Purge] Phil Jamieson — Blue As The Sunlight
  [Purge] Ben Folds — Landed
  [Purge] Faces On Tv — Love / Dead
  [Purge] Car Seat Headrest — Gethsemane
  [Purge] The Breeders — No Aloha
  [Purge] Megasound — Lemon Peel
  [Purge] Faces On Tv — Call Me Up
  [Purge] Ben Folds — The Luckiest
  [Purge] Big Pig — Hungry Town
  [Purge] Tom Petty — Yer So Bad
  [Purge] Maya Marchelle — No Magic
  [Purge] Ash Grunwald — Breakout
  [Purge] Yeah Yeah Yeahs — Wolf
  [Purge] M83 — Blister Sunrise
  [Purge] Mike D — Make It Stop
  [Purge] Kiss the Tiger — I Miss You
  [Purge] Hole — Doll Parts
  [Purge] Primitive Radio Gods — Standing Outside a Broken Phone Booth with Money in My Hand
  [Purge] Alanis Morissette — Head over Feet (2015 Remaster)
  [Purge] Declan McKenna — Champagne
  [Purge] The Male Pattern — I'm a Soldier
  [Purge] Anna Calvi — Don’t Beat The Girl out of My Boy
  [Purge] The Harpoons — Unforgettable
  [Purge] Rob Cross — Juxtapose
  [Purge] Dan Sultan — There's A River
  [Purge] INXS — Never Tear Us Apart
  [Purge] The Strokes — Take It Or Leave It
  [Purge] Pearl Jam — Wreckage
  [Purge] Morphine — Cure for Pain
  [Purge] The Juliana Hatfield Three — My Sister
  [Purge] JJerome87 — Brush Me Like A Horse
  [Purge] Death Cab For Cutie — Stone Over Water
  [Purge] The Streets — Has It Come to This?
  [Purge] Brennan Wedl — Scorpio
  [Purge] Bryan Ferry — Slave To Love
  [Purge] Paul Kelly — Rita Wrote A Letter
  [Purge] Jack White — Dollar Bill
  [Purge] The Dandy Warhols — Bohemian Like You
  [Purge] Neil Young — Harvest Moon
  [Purge] Spoon — Wild
  [Purge] Yeah Yeah Yeahs — Cheated Hearts
  [Purge] Queens Of The Stone Age — Insignificant Other
  [Purge] Muse — Be With You
  [Purge] Stephen Malkmus — Discretion Grove
  [Purge] Coldplay — Trouble
  [Purge] Overmono — Lockup
  [Purge] The Format — Holy Roller
  [Purge] Garbage — Queer
  [Purge] TV On The Radio — Staring at the Sun
  [Purge] Loose Buttons — I Saw Jon Hamm At The Beach
  [Purge] #1 Dads — Already Something
  [Purge] Jim James — Wowed Out
  [Purge] Garbage — Push It
  [Purge] The Black Keys — Set You Free
  [Purge] Death Cab For Cutie — I Built You A Tower (a)
  [Purge] Melody's Echo Chamber — Daisy
  [Purge] The Strokes — Hard To Explain
  [Purge] Big Thief — Words
  [Purge] Ghost Funk Orchestra — Yours
  [Purge] Sheryl Crow — Freedom Bus (feat. Jesse Welles)
  [Purge] Peter Gabriel — Road to Joy (Bright-Side Mix)
  [Purge] Scott & Charlene's Wedding — Two Weeks
  [Purge] Ullah — I Want It All
  [Purge] TV On The Radio — Happy Idiot
  [Purge] Folk Bitch Trio — Cathode Ray
  [Purge] Space Carnival — Queen of Cups
  [Purge] Bruce Springsteen — It's Hard to Be a Saint in the City
  [Purge] Ruby Gill — Carol / not carol
  [Purge] Beach Bunny — Clueless
  [Purge] Gang of Youths — in the wake of your leave
  [Purge] Neighbourhood Youth — Overcrowded
  [Purge] HAIM — Tie you down
  [Purge] Candice Lorrae — Calling Me
  [Purge] DMA'S — Delete
  [Purge] Lisa LeBlanc — Whole Lotta Talkin'
  [Purge] Frightened Rabbit — Swim Until You Can't See Land
  [Purge] Kings Of Leon — My Whole World
  [Purge] Alabama Shakes — American Dream
  [Purge] Smashing Pumpkins — Perfect
  [Purge] The Beths — Straight Line Was A Lie
  [Purge] The Heavy — What Makes A Good Man?
  [Purge] Olana — Price Of The House
  [Purge] Nirvana — Love Buzz (2009 Re-mastered Version)
  [Purge] PJ Harvey — Rid Of Me
  [Purge] Roxy Music — Oh Yeah!
  [Purge] Wilco — Casino Queen
  [Purge] Jack White — Derecho Demonico
  [Purge] Dan Sultan — Under Your Skin
  [Purge] Blake Scott — Bullfloat Zen
  [Purge] They Might Be Giants — We're the Replacements
  [Purge] Two Door Cinema Club — Undercover Martyn
  [Purge] Great Elk — Missed Connections
  [Purge] King Gizzard & The Lizard Wizard — Uqt
  [Purge] KELS — Gone
  [Purge] Bunny Blood — Wrong Things
  [Purge] Dappled Cities — Aurora
  [Purge] Donovan — Season of the Witch
  [Purge] Bebe Stockwell — When You Know
  [Purge] The Dandy Warhols — Godless
  [Purge] Porch Light — Arctic
  [Purge] Ruby Gill — Some Kind Of Control
  [Purge] Bloc Party — Pigwig
  [Purge] Arctic Monkeys — I Ain't Quite Where I Think I Am
  [Purge] hey, nothing — Hound
  [Purge] Pearl Jam — Even Flow
  [Purge] Krystofer Maison — Sapphire
  [Purge] Muriel Mwamba — ICHALO (The World)
  [Purge] U2 — Silencio
  [Purge] Z3THAN — Manhattan Money
  [Purge] Deirdre Pérez — Input/Output-Idling
  [Purge] Travis McKeveny — Sloane
  [Purge] Scott Heckman — No Kings
  [Purge] Ok Cowgirl — Rock N Roll Ruined My Life
  [Purge] La Pirámide — Pirámide
  [Purge] Michigander — Freaking Out
  [Purge] Low Cut Connie — Can't Be Wrong
  [Purge] Blondshell — Heart Has To Work So Hard
  [Purge] Death Cab For Cutie — Riptides
  [Purge] Brandon Flowers — Plans
  [Purge] Weezer — We Might as Well Be Strangers (ft. Wednesday)
  [Purge] Angine de Poitrine — Sarniezz
  [Purge] Stephen Wilson Jr. — Hardwired (feat. Miranda Lambert)
  [Purge] Matük — Ricotta
  [Purge] Dylan Pham — Idols
  [Purge] Sean Kiely — Long Live The Low
  [Purge] Strange Majik — NYC Animal
  [Purge] hey, nothing — Black Bear
[Purge] 257 ongewenste tracks verwijderd
[Spotify] Radio1-Top30: 20 gekozen uit 31
[Spotify] Radio1-Wonderland: 20 gekozen uit 50
[Spotify] NPR-AllSongsConsidered: 20 gekozen uit 126
[Spotify] GuyGarvey-FinestHour: 20 gekozen uit 56
[Spotify] LateJunction-Official: 12 gekozen uit 12
[Spotify] LaurenLaverne-JustAdded: 20 gekozen uit 48
[Spotify] WFUV-NYSlice2026: 20 gekozen uit 170
[Spotify] KCRW-MorningBecomesEclectic: 20 gekozen uit 55
[Spotify] WXPN-BestNewMusic: 20 gekozen uit 35
[Spotify] GillesPeterson-Saturdays: 20 gekozen uit 29
[Last.fm] 24 ontdekkingen
[RadioParadise-Mellow] 7 keer gespeeld, 7 nieuw voor jou, 7 gekozen
[SomaFM-Lush] 17 keer gespeeld, 16 nieuw voor jou, 16 gekozen
[DoubleJ] 300 keer gespeeld, 236 nieuw voor jou, 25 gekozen
[TheCurrent] 583 keer gespeeld, 326 nieuw voor jou, 25 gekozen
[Radio] 73 nog niet bekende nummers van Duyster en Vuurland
[Genre] 75 Spotify-tracks geblokkeerd op genre
  [Genre] geblokkeerd (LastFM~Bonobo): The Karminsky Experience Inc. (trip hop, acid jazz, nu jazz)
  [Genre] geblokkeerd (LastFM~Bonobo): The Karminsky Experience Inc. (trip hop, acid jazz, nu jazz)
  [Genre] geblokkeerd (LastFM~Bonobo): The Karminsky Experience Inc. (trip hop, acid jazz, nu jazz)
  [Genre] geblokkeerd (LastFM~Bonobo): Nuspirit Helsinki (nu jazz, acid jazz)
  [Genre] geblokkeerd (LastFM~Bonobo): Nuspirit Helsinki (nu jazz, acid jazz)
  [Genre] geblokkeerd (LastFM~Bonobo): Nuspirit Helsinki (nu jazz, acid jazz)
  [Genre] geblokkeerd (LastFM~Morcheeba): Marsmobil (nu jazz)
  [Genre] geblokkeerd (LastFM~Morcheeba): Marsmobil (nu jazz)
  [Genre] geblokkeerd (LastFM~Morcheeba): Marsmobil (nu jazz)
  [Genre] geblokkeerd (LastFM~Morcheeba): Bobby Hughes Combination (nu jazz, acid jazz, lounge)
  [Genre] geblokkeerd (LastFM~Morcheeba): Bobby Hughes Combination (nu jazz, acid jazz, lounge)
  [Genre] geblokkeerd (LastFM~Morcheeba): Bobby Hughes Combination (nu jazz, acid jazz, lounge)
  [Genre] geblokkeerd (RadioParadise-Mellow): Philip Glass (minimalism, contemporary classical, classical)
  [Genre] geblokkeerd (SomaFM-Lush): Dzhihan & Kamien (downtempo, chillout, lounge)
  [Genre] geblokkeerd (SomaFM-Lush): Govinda (chillout, lounge, ambient)
  [Genre] geblokkeerd (SomaFM-Lush): Holmes Ives (lounge, ambient, downtempo)
  [Genre] geblokkeerd (SomaFM-Lush): Pupkulies & Rebecca (chillout, electronic, lounge)
  [Genre] geblokkeerd (DoubleJ): Hard-Ons (punk, egg punk, hardcore punk)
  [Genre] geblokkeerd (DoubleJ): Epicure (australian, reggae, surf)
  [Genre] geblokkeerd (DoubleJ): Public Enemy (old school hip hop, east coast hip hop, hip hop)
  [Genre] geblokkeerd (DoubleJ): GHRELIN (death metal)
  [Genre] geblokkeerd (DoubleJ): Macromantics (aussie hip hop, hip hop, australian rap)
  [Genre] geblokkeerd (DoubleJ): Bodega (post-punk)
  [Genre] geblokkeerd (DoubleJ): Hilltop Hoods (hip hop, australian, rap)
  [Genre] geblokkeerd (TheCurrent): Thin Lizzy (classic rock, hard rock)
  [Genre] geblokkeerd (TheCurrent): Deep Sea Diver (indie, indie rock, seattle)
  [Genre] geblokkeerd (TheCurrent): Dua Saleh (alternative r&b)
  [Genre] geblokkeerd (TheCurrent): Toots and the Maytals (reggae, ska, rocksteady)
  [Genre] geblokkeerd (TheCurrent): The Kinks (proto-punk, baroque pop)

Totaal kandidaten na filtering: 185
Huidig in playlist: 959

  – [LaurenLaverne-JustAdded] Tess Parks — Grunewald (al toegevoegd op 2026-03-30)
  – [Radio1-Wonderland] Westside Cowboy — Can't See (al toegevoegd op 2026-03-12)
  ✓ [LastFM~Christine and the Queens] Yseult — SUICIDE
  ✓ [TheCurrent] Flipturn — Rodeo Clown
  ✓ [DoubleJ] Badly Drawn Boy — Something To Talk About
  ✓ [LastFM~Christine and the Queens] Yseult — Now or Never
  ✓ [TheCurrent] Jess Williamson — Country Mile
  ✓ [DoubleJ] ABBA — Dancing Queen
  ✓ [SomaFM-Lush] Madita — A Walk
  – [Radio1-Top30] Warhaus — Simple Pleasures (al toegevoegd op 2026-09-29)
  – [LateJunction-Official] Gori Women's Choir — Archaica I (al toegevoegd op 2026-03-12)
  ✓ [TheCurrent] Radiohead — Pyramid Song
  – [LaurenLaverne-JustAdded] Goldfrapp — Ocean (al toegevoegd op 2026-03-12)
  ✓ [SomaFM-Lush] Morcheeba — Find Another Way
  ✓ [TheCurrent] OK Go — Love
  ✓ [DoubleJ] Crazy P — Like A Fool
  – [GuyGarvey-FinestHour] Chilly Gonzales — Gentle Threat (al toegevoegd op 2026-03-16)
  – [KCRW-MorningBecomesEclectic] TRÍADA — Clara (al toegevoegd op 2026-09-27)
  – [Radio1-Wonderland] Roufaida — Ken Ness (al toegevoegd op 2026-03-12)
  ✓ [DoubleJ] Le Tigre — TKO
  – [Radio1-Top30] Gotu Jim — Twee Mensen (staat al in playlist)
  ✓ [DoubleJ] Mahotella Queens — Asmabe Mntakamama
  – [LaurenLaverne-JustAdded] Curtis Harding — It's Not Over (al toegevoegd op 2026-03-12)
  – [KCRW-MorningBecomesEclectic] Virg — Criminal Record (al toegevoegd op 2026-09-18)
  ✓ [RadioParadise-Mellow] Nick Drake — Northern Sky
  – [LateJunction-Official] Marisa Monte — Infinito Particular (al toegevoegd op 2026-03-12)
  ✓ [WFUV-NYSlice2026] 54 Ultra — Tell Me
  – [KCRW-MorningBecomesEclectic] TRÍADA — Manos de Sal (al toegevoegd op 2026-09-27)
  ✓ [DoubleJ] Kate Bush — The Sensual World
  – [Radio1-Top30] Phoebe Bridgers — Bobby (al toegevoegd op 2026-09-18)
  – [Radio1-Wonderland] Emma Hessels — Woollen Women (al toegevoegd op 2026-03-12)
  – [Radio1-Wonderland] Daniel Caesar — Moon (Feat. Bon Iver) (al toegevoegd op 2026-03-30)
  – [KCRW-MorningBecomesEclectic] she's green — locket (al toegevoegd op 2026-09-18)
  – [Radio1-Wonderland] Borokov Borokov — The Gist (al toegevoegd op 2026-03-12)
  – [Radio1-Top30] The Strokes — Lonely in the Future (al toegevoegd op 2026-09-18)
  ✓ [TheCurrent] Run Westy Run — Could ya Would ya
  – [GillesPeterson-Saturdays] Cleo Sol — Sunshine (al toegevoegd op 2026-09-18)
  – [GuyGarvey-FinestHour] Crosby, Stills, Nash & Young — Guinnevere (al toegevoegd op 2026-03-12)
  – [LaurenLaverne-JustAdded] Damien Jurado — Allocate (al toegevoegd op 2026-03-16)
  – [Radio1-Top30] Tove Lo — des fleurs x stromae (al toegevoegd op 2026-06-29)
  – [GuyGarvey-FinestHour] Sumie — Spells you (al toegevoegd op 2026-03-12)
  – [WXPN-BestNewMusic] Beck — In The Night (al toegevoegd op 2026-08-24)
  ✓ [RadioParadise-Mellow] Carsie Blanton — Hope
  – [Radio1-Wonderland] Joanne Robertson — Doubt (al toegevoegd op 2026-04-06)
  – [WXPN-BestNewMusic] Alex Amen — California Blues (al toegevoegd op 2026-09-18)
  ✓ [RadioParadise-Mellow] Tom Waits — Downtown Train
  – [Radio1-Top30] RAYE — Joy. (al toegevoegd op 2026-09-29)
  – [GillesPeterson-Saturdays] Camille Bertault — Voir la mer (al toegevoegd op 2026-09-18)
  – [WXPN-BestNewMusic] Grace Cummings — My God (al toegevoegd op 2026-06-08)
  ✓ [SomaFM-Lush] Alina Baraz & Galimatias — Make You Feel
  – [Radio1-Top30] The War On Drugs — Who's That (al toegevoegd op 2026-09-20)
  – [LaurenLaverne-JustAdded] Simian Mobile Disco — Defender (al toegevoegd op 2026-03-12)
  – [GillesPeterson-Saturdays] Saya Gray — IF THERE’S NO SEAT IN THE SKY (WILL YOU FORGIVE ME???) (al toegevoegd op 2026-09-18)
  – [Radio1-Top30] The Rolling Stones — Jealous Lover (al toegevoegd op 2026-07-06)
  ✓ [TheCurrent] Arctic Monkeys — Fluorescent Adolescent
  – [Radio1-Wonderland] Tsar B — Amor (al toegevoegd op 2026-03-12)
  ✓ [DoubleJ] Robyn — Call Your Girlfriend
  ✓ [RadioParadise-Mellow] Jesse Colin Young — The Pretty and the Fair
  – [GuyGarvey-FinestHour] Laura Veirs and Saltbreakers — To the Country (al toegevoegd op 2026-03-23)
  ✓ [WXPN-BestNewMusic] Michael Kiwanuka — Summer Clothes
  ✓ [DoubleJ] Kraftwerk — Numbers
  – [Radio1-Top30] Matt Berninger — Martini Me Fatso (al toegevoegd op 2026-08-24)
  – [Radio1-Top30] Alabama Shakes — Garden (al toegevoegd op 2026-09-14)
  ✓ [DoubleJ] M-Beat & General Levy — Incredible
  – [KCRW-MorningBecomesEclectic] Cornelius — Mazaranai (al toegevoegd op 2026-09-18)
  ✓ [TheCurrent] Los Lobos — Kiko And The Lavender Moon
  – [Radio1-Top30] Froukje — Geen Rem (al toegevoegd op 2026-09-29)
  – [GillesPeterson-Saturdays] O Terno — Bielzinho / Bielzinho (al toegevoegd op 2026-09-20)
  – [NPR-AllSongsConsidered] Slayyyter — brand new chanel$ (al toegevoegd op 2026-09-20)
  ✓ [LastFM~Christine and the Queens] Juliette Armanet — L'Indien
  ✓ [SomaFM-Lush] Stripmall Architecture — Lauren, I Said
  ✓ [RadioParadise-Mellow] Fleet Foxes — Helplessness Blues
  – [GillesPeterson-Saturdays] Clifford Jordan Quartet — John Coltrane (al toegevoegd op 2026-09-18)
  ✓ [SomaFM-Lush] Baxter — I Can't See Why
  – [GillesPeterson-Saturdays] The Crusaders — Sweet N' Sour (al toegevoegd op 2026-09-18)
  ✓ [TheCurrent] Joe P — Off My Mind
  ✓ [LastFM~Sufjan Stevens] Fleet Foxes — Quiet Houses
  – [LateJunction-Official] Bill Withers — Grandma's Hands (al toegevoegd op 2026-03-12)
  – [Radio1-Top30] Bart Peeters — We Zijn Ermee Bezig (al toegevoegd op 2026-09-18)
  – [GuyGarvey-FinestHour] The Blue Nile — From A Late Night Train (al toegevoegd op 2026-03-23)
  ✓ [DoubleJ] Morcheeba — Gimme Your Love
  ✓ [TheCurrent] Mt. Joy — Lemon Tree
  – [GuyGarvey-FinestHour] Little Dragon — Crystalfilm (al toegevoegd op 2026-03-23)
  – [NPR-AllSongsConsidered] L'Rain — borderline (al toegevoegd op 2026-08-03)
  ✓ [DoubleJ] Benjamin Booker — Violent Shiver
  – [WXPN-BestNewMusic] Thee Sacred Souls — Any Old Fool (al toegevoegd op 2026-09-20)
  – [LastFM~Sufjan Stevens] Fleet Foxes — Blue Ridge Mountains (al toegevoegd op 2026-08-24)
  – [GuyGarvey-FinestHour] Pretenders — Day After Day (al toegevoegd op 2026-03-12)
  – [WXPN-BestNewMusic] Leon Bridges — Light the Way (al toegevoegd op 2026-08-24)
  ✓ [DoubleJ] DJ Krush — Keeping the Motion
  – [LastFM~Christine and the Queens] Juliette Armanet — Cool Cat (al toegevoegd op 2026-08-24)
  ✓ [TheCurrent] Crash Test Dummies — Mmm Mmm Mmm Mmm
  ✓ [LastFM~Sufjan Stevens] Bon Iver — Flume
  ✓ [SomaFM-Lush] Norah Jones — Chasing Pirates (Droogs Remix)
  ✓ [TheCurrent] Massive Attack — Teardrop
  – [LastFM~Sufjan Stevens] Bon Iver — Blindsided (al toegevoegd op 2026-09-27)
  ✓ [TheCurrent] Sam Fender — Seventeen Going Under
  – [WFUV-NYSlice2026] SHAGGO — I Wanted Fun - Single Version (al toegevoegd op 2026-03-16)
  – [Radio1-Top30] Angèle — Dis-le (al toegevoegd op 2026-06-22)
  – [Radio1-Wonderland] Usi Es — Konami Code (al toegevoegd op 2026-03-12)
  – [LateJunction-Official] Lhasa De Sela — La Frontera (al toegevoegd op 2026-03-12)
  – [LateJunction-Official] Mari Kvien Brunvoll — Sweet Mysterious (al toegevoegd op 2026-03-12)
  – [NPR-AllSongsConsidered] Bon Iver — HEAVENLY FATHER - Mediolanum, Milan, IT. Nov 05 2022 (al toegevoegd op 2026-04-06)
  – [WXPN-BestNewMusic] Brandi Carlile — Life On The Run (al toegevoegd op 2026-09-27)
  ✓ [TheCurrent] Olivia Dean — UFO
  ✓ [SomaFM-Lush] Loquat — In My Sleep
  – [GuyGarvey-FinestHour] Lenny Kravitz — Freedom Train - 2009 Digital Remaster (al toegevoegd op 2026-03-16)
  ✓ [DoubleJ] Portishead — Glory Box
  – [GillesPeterson-Saturdays] Bob Dylan — It's All Over Now, Baby Blue (al toegevoegd op 2026-09-18)
  ✓ [DoubleJ] Groove Terminator — One More Time (The Sunshine Song)
  – [Radio1-Wonderland] hemlocke springs — head, shoulders, knees and ankles (al toegevoegd op 2026-03-16)
  ✓ [DoubleJ] Ms. Dynamite — Dy-Na-Mi-Tee
  – [GuyGarvey-FinestHour] Milagres — The Letterbomb (al toegevoegd op 2026-03-12)
  ✓ [TheCurrent] Phantogram — Howling At The Moon
  – [GillesPeterson-Saturdays] Camille Bertault — Acrécran (al toegevoegd op 2026-09-18)
  ✓ [LastFM~Christine and the Queens] Yseult — PETIT <3
  – [NPR-AllSongsConsidered] Shearwater — Daydream Unbeliever (al toegevoegd op 2026-06-01)
  – [WXPN-BestNewMusic] Sylvan Esso — Sledge (al toegevoegd op 2026-09-20)
  ✓ [TheCurrent] Mavis Staples — Human Mind
  – [LaurenLaverne-JustAdded] Tunng — ABOP (al toegevoegd op 2026-03-12)
  – [GillesPeterson-Saturdays] SANAM — Ayouha Al-Taiin Fi Al-Mawt (al toegevoegd op 2026-09-18)
  – [WFUV-NYSlice2026] Outer Shapes — AFTERMATH (al toegevoegd op 2026-09-07)
  ✓ [TheCurrent] CHVRCHES — Get Out
  – [Radio1-Top30] Kids With Buns — best friend (al toegevoegd op 2026-09-18)
  – [GuyGarvey-FinestHour] Laura Veirs — Fire Snakes (al toegevoegd op 2026-04-13)
  ✓ [TheCurrent] Caroline Polachek — Welcome To My Island
  – [GuyGarvey-FinestHour] Oscar Peterson Trio — Night Train (al toegevoegd op 2026-03-30)
  – [KCRW-MorningBecomesEclectic] Shearwater — You and Your Dog (al toegevoegd op 2026-09-18)
  – [WXPN-BestNewMusic] Caroline Rose — Yip Yip Yow (al toegevoegd op 2026-09-20)
  – [Radio1-Top30] Ertebrekers — 't Zuden (al toegevoegd op 2026-08-24)
  – [LaurenLaverne-JustAdded] Kojey Radical — Water (with Mahalia) (al toegevoegd op 2026-03-30)
  – [GuyGarvey-FinestHour] The Fleetwoods — Come Softly To Me (al toegevoegd op 2026-03-12)
  – [LaurenLaverne-JustAdded] Anna Calvi — Don’t Beat the Girl out of My Boy (al toegevoegd op 2026-03-16)
  – [GuyGarvey-FinestHour] Elizabeth Cotton — Freight Train (al toegevoegd op 2026-03-12)
  ✓ [LastFM~Sufjan Stevens] Fleet Foxes — Tiger Mountain Peasant Song
  ✓ [Radio1-Top30] Isolde Lasoen — Echo En Toi
  – [WXPN-BestNewMusic] Beck — Ride Lonesome (al toegevoegd op 2026-05-04)
  ✓ [LastFM~Christine and the Queens] Juliette Armanet — Le Dernier Jour du Disco
  ✓ [SomaFM-Lush] Kate Havnevik — Sleepless
  ✓ [SomaFM-Lush] Gold Lounge — Higher
  – [Radio1-Wonderland] PinkPantheress — Illegal + Anitta (al toegevoegd op 2026-03-12)
  ✓ [SomaFM-Lush] Blue Six — Sweeter Love
  – [LaurenLaverne-JustAdded] Chaka Khan — Like Sugar (al toegevoegd op 2026-03-16)
  – [GuyGarvey-FinestHour] Tom Waits — Train Song (al toegevoegd op 2026-03-16)
  – [LaurenLaverne-JustAdded] Father John Misty — Just Dumb Enough to Try (al toegevoegd op 2026-03-12)
  – [KCRW-MorningBecomesEclectic] Flora from Kansas — The End (al toegevoegd op 2026-09-20)
  – [GuyGarvey-FinestHour] John Martyn — The Man In The Station (al toegevoegd op 2026-03-12)
  ✓ [TheCurrent] Mitski — The Frost
  – [GillesPeterson-Saturdays] Julio Bashmore — Bubblin (al toegevoegd op 2026-09-20)
  ✓ [TheCurrent] The Kills — The Good Ones
  – [KCRW-MorningBecomesEclectic] Gemma — See Me (Max Tundra Remix) (al toegevoegd op 2026-09-20)
  – [Radio1-Top30] U2 — Silencio (al toegevoegd op 2026-09-27)
  – [LaurenLaverne-JustAdded] Mass Gothic — J.Z.O.K. (al toegevoegd op 2026-03-12)
  ✓ [RadioParadise-Mellow] Leon Bridges — River
  – [KCRW-MorningBecomesEclectic] Wishy — Sensational (al toegevoegd op 2026-09-18)
  – [Radio1-Wonderland] Oliver Sim — Telephone Games (al toegevoegd op 2026-03-23)
  ✓ [DoubleJ] Liam Snowy Halliwell — More Than Nothing
  – [WXPN-BestNewMusic] Danielle Ponder — Sun and Moon (al toegevoegd op 2026-08-17)
  ✓ [DoubleJ] Juno Mamba & Rino — Citrus
  – [LaurenLaverne-JustAdded] Washed Out — Face Up (al toegevoegd op 2026-04-06)
  – [WFUV-NYSlice2026] Truman Flyer — Smoke + Mirrors (al toegevoegd op 2026-04-20)
  – [WFUV-NYSlice2026] Miss Grit — Tourist Mind (al toegevoegd op 2026-06-01)
  – [NPR-AllSongsConsidered] King Princess — Helpless (al toegevoegd op 2026-08-24)
  – [GillesPeterson-Saturdays] Cleo Sol — Her Light (al toegevoegd op 2026-09-18)
  ✓ [LastFM~Sufjan Stevens] Bon Iver — Skinny Love
  ✓ [SomaFM-Lush] Lovespirals — Motherless Child
  – [GillesPeterson-Saturdays] Pedro Rosa — Curió (al toegevoegd op 2026-09-18)
  ✓ [TheCurrent] Lesley Gore — You Don't Own Me
  – [KCRW-MorningBecomesEclectic] Haruomi Hosono — Note of Mothership (al toegevoegd op 2026-09-21)
  – [Radio1-Top30] Novastar — Today Yesterday (al toegevoegd op 2026-08-24)
  – [Radio1-Wonderland] waterbaby — Beck n Call (al toegevoegd op 2026-03-16)
  – [KCRW-MorningBecomesEclectic] Six Sex — Ultra Terrorific Fantasy (al toegevoegd op 2026-10-06)
  – [LaurenLaverne-JustAdded] FOXTROTT — WAIT (al toegevoegd op 2026-03-12)
  – [GillesPeterson-Saturdays] Julio Bashmore — Au Seve (al toegevoegd op 2026-09-20)
  – [NPR-AllSongsConsidered] Andrew Bird — Need Someone - From The MAX Original Series The Pitt (al toegevoegd op 2026-06-22)
  – [LaurenLaverne-JustAdded] Oscar Key Sung — Club Mate (al toegevoegd op 2026-03-23)
  – [LaurenLaverne-JustAdded] Cigarettes After Sex — Crush (al toegevoegd op 2026-03-12)
  – [LateJunction-Official] André Campra — Messe de Requiem: V. Sanctus (al toegevoegd op 2026-03-12)
  ✓ [DoubleJ] Ladyhawke — Paris Is Burning
  ✓ [SomaFM-Lush] Babble — Love Has No Name
  – [GuyGarvey-FinestHour] Herbie Hancock — Watermelon Man (al toegevoegd op 2026-03-16)
  – [WXPN-BestNewMusic] beabadoobee — Sun Has Set (al toegevoegd op 2026-07-06)
  – [GuyGarvey-FinestHour] Chuck Berry — Down Bound Train - Single Version (al toegevoegd op 2026-03-12)
  – [GuyGarvey-FinestHour] Talk Talk — After The Flood (al toegevoegd op 2026-03-23)
  – [LaurenLaverne-JustAdded] serpentwithfeet — cherubim (al toegevoegd op 2026-03-30)

[Tidal] 68 tracks toegevoegd ✓
[State] Opgeslagen: 3060 geziene tracks, 1027 in playlist_log

Klaar! 15:06:14

